You do not have enough resources.
You do not have enough resources.
You do not have enough resources.
You do not have enough resources.
You do not have enough resources.
You do not have enough resources.
You do not have enough resources.
You do not have enough resources.
You do not have enough resources.
You do not have enough resources.
You do not have enough resources.
You do not have enough resources.
                          | 0|-- 0--| 1|
                            |         |
                            1    0    2
                            |  BRICK  |
                | 2|--OR--|OH|   3  | 4|-- 4--| 5|
                  |         |         |         |
                 OR    1    6         7    2    8
                  | ENERGY  |         |  HEAT   |
      | 6|-- 9--|OT|  10  | 8|--10--| 9|   5  |10|--RR--|RT|
        |         |         |         |         |         |
       12    3   OR        14    4   15        16    5   RR
        | ENERGY  |         |  PARK   |         |  HEAT   |
      |12|   4  |13|--18--|14|      |15|--19--|16|  10  |17|
        |         |         |  GEESE  |         |         |
       20        OR    6   22        23    7   24        RR
        |         |  GLASS  |         |  BRICK  |         |
      |18|--26--|OB|  11  |20|--27--|21|   3  |YT|--28--|23|
        |         |         |         |         |         |
       29    8   OR        OR    9   32        YR   10   RR
        |  HEAT   |         |  BRICK  |         |  BRICK  |
      |24|   8  |25|--OR--|26|   2  |YB|--YR--|28|   6  |29|
        |         |         |         |         |         |
       37        38   11   39        YR   12   41        RR
        |         | ENERGY  |         |  WIFI   |         |
      |30|--43--|31|   8  |32|--YR--|33|  12  |34|--45--|35|
        |         |         |         |         |         |
       46   13   BR        YR   14   49        50   15   RR
        | ENERGY  |         |  WIFI   |         |  GLASS  |
      |36|   5  |37|--YR--|38|  11  |39|--53--|40|   4  |41|
        |         |         |         |         |         |
       54        BR   16   56        57   17   58        59
        |         |  WIFI   |         |  GLASS  |         |
      |RH|--60--|43|   6  |BB|--61--|45|   9  |46|--62--|47|
                  |         |         |         |
                 BR        BR   18   65        66
                  |         |  GLASS  |         |
                |48|--BR--|49|   9  |50|--68--|51|
                            |         |
                           BR        70
                            |         |
                          |BT|--71--|53|
