                          | 0|-- 0--| 1|
                            |         |
                            1    0    2
                            |  BRICK  |
                |YH|--YR--| 3|   3  | 4|-- 4--| 5|
                  |         |         |         |
                 YR    1    6         7    2    8
                  | ENERGY  |         |  HEAT   |
      | 6|-- 9--|YT|  10  | 8|--10--| 9|   5  |10|--RR--|RT|
        |         |         |         |         |         |
       12    3   YR        14    4   15        16    5   RR
        | ENERGY  |         |  PARK   |         |  HEAT   |
      |12|   4  |YB|--18--|14|      |15|--19--|16|  10  |17|
        |         |         |         |         |         |
       20        YR    6   22        23    7   24        RR
        |         |  GLASS  |         |  BRICK  |         |
      |18|--26--|19|  11  |20|--27--|21|   3  |BT|--28--|23|
        |         |         |         |         |         |
       29    8   YR        31    9   32        BR   10   34
        |  HEAT   |         |  BRICK  |         |  BRICK  |
      |24|   8  |25|--35--|26|   2  |BB|--BR--|28|   6  |29|
        |         |         |         |         |         |
       37        38   11   39        BR   12   41        42
        |         | ENERGY  |         |  WIFI   |         |
      |30|--43--|31|   8  |32|--44--|33|  12  |34|--45--|35|
        |         |         |         |         |         |
       46   13   47        48   14   49        50   15   51
        | ENERGY  |         |  WIFI   |         |  GLASS  |
      |36|   5  |37|--52--|38|  11  |39|--53--|40|   4  |41|
        |         |         |  GEESE  |         |         |
       54        55   16   56        57   17   58        59
        |         |  WIFI   |         |  GLASS  |         |
      |RH|--60--|43|   6  |OB|--61--|45|   9  |46|--62--|47|
                  |         |         |         |
                 63        OR   18   65        66
                  |         |  GLASS  |         |
                |48|--OR--|49|   9  |50|--68--|51|
                            |         |
                           OR        70
                            |         |
                          |52|--OR--|53|
